mode: set
github.com/farildzaky/bapenda-service/internal/utils/validator.go:15.100,16.17 1 1
github.com/farildzaky/bapenda-service/internal/utils/validator.go:16.17,18.3 1 1
github.com/farildzaky/bapenda-service/internal/utils/validator.go:20.2,22.47 2 1
github.com/farildzaky/bapenda-service/internal/utils/validator.go:22.47,27.3 1 1
github.com/farildzaky/bapenda-service/internal/utils/validator.go:29.2,32.55 3 1
github.com/farildzaky/bapenda-service/internal/utils/validator.go:32.55,37.3 1 1
github.com/farildzaky/bapenda-service/internal/utils/validator.go:39.2,39.42 1 1
github.com/farildzaky/bapenda-service/internal/utils/validator.go:42.79,46.45 3 1
github.com/farildzaky/bapenda-service/internal/utils/validator.go:46.45,48.3 1 1
github.com/farildzaky/bapenda-service/internal/utils/validator.go:49.2,49.46 1 1
github.com/farildzaky/bapenda-service/internal/utils/validator.go:49.46,51.3 1 1
github.com/farildzaky/bapenda-service/internal/utils/validator.go:53.2,53.16 1 1
github.com/farildzaky/bapenda-service/internal/utils/validator.go:53.16,55.3 1 1
github.com/farildzaky/bapenda-service/internal/utils/validator.go:57.2,57.20 1 1
github.com/farildzaky/bapenda-service/internal/utils/validator.go:60.37,61.27 1 1
github.com/farildzaky/bapenda-service/internal/utils/validator.go:61.27,63.3 1 1
github.com/farildzaky/bapenda-service/internal/utils/validator.go:64.2,65.23 2 1
github.com/farildzaky/bapenda-service/internal/utils/validator.go:65.23,66.27 1 1
github.com/farildzaky/bapenda-service/internal/utils/validator.go:66.27,68.4 1 1
github.com/farildzaky/bapenda-service/internal/utils/validator.go:69.3,69.35 1 1
github.com/farildzaky/bapenda-service/internal/utils/validator.go:71.2,71.21 1 1
github.com/farildzaky/bapenda-service/internal/utils/validator.go:75.52,84.20 7 0
github.com/farildzaky/bapenda-service/internal/utils/validator.go:84.20,86.3 1 0
github.com/farildzaky/bapenda-service/internal/utils/validator.go:88.2,88.17 1 0
github.com/farildzaky/bapenda-service/internal/cache/cache.go:26.54,31.2 4 1
github.com/farildzaky/bapenda-service/internal/cache/cache.go:33.56,36.25 3 1
github.com/farildzaky/bapenda-service/internal/cache/cache.go:37.14,38.19 1 0
github.com/farildzaky/bapenda-service/internal/cache/cache.go:39.10,40.53 1 1
github.com/farildzaky/bapenda-service/internal/cache/cache.go:40.53,42.4 1 1
github.com/farildzaky/bapenda-service/internal/cache/cache.go:46.53,49.27 3 1
github.com/farildzaky/bapenda-service/internal/cache/cache.go:49.27,50.37 1 1
github.com/farildzaky/bapenda-service/internal/cache/cache.go:50.37,52.4 1 1
github.com/farildzaky/bapenda-service/internal/cache/cache.go:56.42,60.2 3 1
github.com/farildzaky/bapenda-service/internal/cache/cache.go:62.57,65.27 3 1
github.com/farildzaky/bapenda-service/internal/cache/cache.go:65.27,66.37 1 1
github.com/farildzaky/bapenda-service/internal/cache/cache.go:66.37,68.4 1 1
github.com/farildzaky/bapenda-service/internal/cache/redis_cache.go:16.58,18.16 2 0
github.com/farildzaky/bapenda-service/internal/cache/redis_cache.go:18.16,20.3 1 0
github.com/farildzaky/bapenda-service/internal/cache/redis_cache.go:22.2,26.47 4 0
github.com/farildzaky/bapenda-service/internal/cache/redis_cache.go:26.47,28.3 1 0
github.com/farildzaky/bapenda-service/internal/cache/redis_cache.go:30.2,30.41 1 0
github.com/farildzaky/bapenda-service/internal/cache/redis_cache.go:33.81,35.2 1 0
github.com/farildzaky/bapenda-service/internal/cache/redis_cache.go:37.53,42.36 4 0
github.com/farildzaky/bapenda-service/internal/cache/redis_cache.go:42.36,44.3 1 0
github.com/farildzaky/bapenda-service/internal/cache/redis_cache.go:46.2,46.18 1 0
github.com/farildzaky/bapenda-service/internal/cache/redis_cache.go:49.55,54.16 4 0
github.com/farildzaky/bapenda-service/internal/cache/redis_cache.go:54.16,56.3 1 0
github.com/farildzaky/bapenda-service/internal/cache/redis_cache.go:58.2,58.33 1 0
github.com/farildzaky/bapenda-service/internal/cache/redis_cache.go:61.56,66.6 4 0
github.com/farildzaky/bapenda-service/internal/cache/redis_cache.go:66.6,68.17 2 0
github.com/farildzaky/bapenda-service/internal/cache/redis_cache.go:68.17,71.4 2 0
github.com/farildzaky/bapenda-service/internal/cache/redis_cache.go:73.3,73.20 1 0
github.com/farildzaky/bapenda-service/internal/cache/redis_cache.go:73.20,75.4 1 0
github.com/farildzaky/bapenda-service/internal/cache/redis_cache.go:77.3,78.18 2 0
github.com/farildzaky/bapenda-service/internal/cache/redis_cache.go:78.18,79.9 1 0
github.com/farildzaky/bapenda-service/internal/cache/redis_cache.go:84.52,89.6 4 0
github.com/farildzaky/bapenda-service/internal/cache/redis_cache.go:89.6,91.17 2 0
github.com/farildzaky/bapenda-service/internal/cache/redis_cache.go:91.17,93.4 1 0
github.com/farildzaky/bapenda-service/internal/cache/redis_cache.go:95.3,95.20 1 0
github.com/farildzaky/bapenda-service/internal/cache/redis_cache.go:95.20,97.4 1 0
github.com/farildzaky/bapenda-service/internal/cache/redis_cache.go:99.3,100.18 2 0
github.com/farildzaky/bapenda-service/internal/cache/redis_cache.go:100.18,101.9 1 0
github.com/farildzaky/bapenda-service/internal/cache/redis_cache.go:106.41,111.2 3 0
github.com/farildzaky/bapenda-service/internal/cache/redis_cache.go:113.36,115.2 1 0
github.com/farildzaky/bapenda-service/internal/cache/redis_cache.go:117.36,122.2 3 0
