mode: set
github.com/farildzaky/klinik-service/internal/utils/slug.go:16.40,22.39 5 1
github.com/farildzaky/klinik-service/internal/utils/slug.go:22.39,26.3 3 1
github.com/farildzaky/klinik-service/internal/utils/slug.go:28.2,28.16 1 1
github.com/farildzaky/klinik-service/internal/utils/slug.go:28.16,30.3 1 1
github.com/farildzaky/klinik-service/internal/utils/slug.go:32.2,36.31 4 1
github.com/farildzaky/klinik-service/internal/utils/validator.go:25.100,26.17 1 1
github.com/farildzaky/klinik-service/internal/utils/validator.go:26.17,28.3 1 1
github.com/farildzaky/klinik-service/internal/utils/validator.go:30.2,32.47 2 1
github.com/farildzaky/klinik-service/internal/utils/validator.go:32.47,37.3 1 1
github.com/farildzaky/klinik-service/internal/utils/validator.go:39.2,43.55 3 1
github.com/farildzaky/klinik-service/internal/utils/validator.go:43.55,48.3 1 0
github.com/farildzaky/klinik-service/internal/utils/validator.go:50.2,50.42 1 1
github.com/farildzaky/klinik-service/internal/utils/validator.go:53.100,55.17 2 1
github.com/farildzaky/klinik-service/internal/utils/validator.go:55.17,57.3 1 1
github.com/farildzaky/klinik-service/internal/utils/validator.go:58.2,58.47 1 1
github.com/farildzaky/klinik-service/internal/utils/validator.go:58.47,60.3 1 1
github.com/farildzaky/klinik-service/internal/utils/validator.go:62.2,62.38 1 1
github.com/farildzaky/klinik-service/internal/utils/validator.go:65.61,67.38 2 1
github.com/farildzaky/klinik-service/internal/utils/validator.go:67.38,69.3 1 1
github.com/farildzaky/klinik-service/internal/utils/validator.go:70.2,70.19 1 1
github.com/farildzaky/klinik-service/internal/utils/validator.go:73.61,75.38 2 1
github.com/farildzaky/klinik-service/internal/utils/validator.go:75.38,77.3 1 1
github.com/farildzaky/klinik-service/internal/utils/validator.go:78.2,78.19 1 1
github.com/farildzaky/klinik-service/internal/utils/validator.go:81.70,83.17 2 1
github.com/farildzaky/klinik-service/internal/utils/validator.go:83.17,85.3 1 1
github.com/farildzaky/klinik-service/internal/utils/validator.go:87.2,88.79 2 1
github.com/farildzaky/klinik-service/internal/utils/validator.go:88.79,93.3 1 1
github.com/farildzaky/klinik-service/internal/utils/validator.go:94.2,94.19 1 1
github.com/farildzaky/klinik-service/internal/utils/validator.go:97.52,105.39 5 1
github.com/farildzaky/klinik-service/internal/utils/validator.go:105.39,107.3 1 1
github.com/farildzaky/klinik-service/internal/utils/validator.go:109.2,109.17 1 1
github.com/farildzaky/klinik-service/internal/utils/validator.go:112.79,116.45 3 1
github.com/farildzaky/klinik-service/internal/utils/validator.go:116.45,118.3 1 1
github.com/farildzaky/klinik-service/internal/utils/validator.go:119.2,119.46 1 1
github.com/farildzaky/klinik-service/internal/utils/validator.go:119.46,121.3 1 1
github.com/farildzaky/klinik-service/internal/utils/validator.go:123.2,123.16 1 1
github.com/farildzaky/klinik-service/internal/utils/validator.go:123.16,125.3 1 1
github.com/farildzaky/klinik-service/internal/utils/validator.go:127.2,127.20 1 1
github.com/farildzaky/klinik-service/internal/utils/validator.go:130.37,131.27 1 1
github.com/farildzaky/klinik-service/internal/utils/validator.go:131.27,133.3 1 1
github.com/farildzaky/klinik-service/internal/utils/validator.go:134.2,135.23 2 1
github.com/farildzaky/klinik-service/internal/utils/validator.go:135.23,136.27 1 1
github.com/farildzaky/klinik-service/internal/utils/validator.go:136.27,138.4 1 1
github.com/farildzaky/klinik-service/internal/utils/validator.go:139.3,139.35 1 1
github.com/farildzaky/klinik-service/internal/utils/validator.go:141.2,141.21 1 1
